2026-09-28 10:01:09 INFO POST /api/login 201 139ms
2026-09-28 10:01:13 INFO GET /api/orders 200 225ms
2026-09-28 10:01:50 INFO GET /api/orders 200 156ms
2026-09-28 10:01:55 INFO POST /api/login 201 103ms
2026-09-28 10:02:05 INFO GET /api/users 200 68ms
2026-09-28 10:02:35 INFO GET /api/users 200 97ms
2026-09-28 10:03:13 INFO GET /api/users 200 76ms
2026-09-28 10:03:46 INFO GET /api/users 200 133ms
2026-09-28 10:04:13 INFO GET /api/orders 200 118ms
2026-09-28 10:04:52 INFO GET /api/users 200 106ms
2026-09-28 10:05:10 INFO GET /api/users 200 130ms
2026-09-28 10:05:36 INFO GET /api/users 200 123ms
2026-09-28 10:05:53 INFO GET /api/orders 200 189ms
2026-09-28 10:06:32 INFO POST /api/payment 200 157ms
2026-09-28 10:06:37 INFO GET /api/users 200 84ms
2026-09-28 10:06:47 INFO GET /api/orders 200 157ms
2026-09-28 10:07:25 INFO GET /api/reports 200 774ms
2026-09-28 10:07:35 INFO POST /api/payment 200 324ms
2026-09-28 10:07:54 INFO GET /api/orders 200 209ms
2026-09-28 10:08:34 INFO POST /api/login 201 145ms
2026-09-28 10:09:05 INFO GET /api/users 200 89ms
2026-09-28 10:10:48 INFO GET /api/users 200 122ms
2026-09-28 10:11:09 INFO POST /api/payment 200 335ms
2026-09-28 10:11:16 INFO GET /api/users 200 78ms
2026-09-28 10:12:33 INFO GET /api/orders 200 97ms
2026-09-28 10:12:44 INFO GET /api/orders 200 178ms
2026-09-28 10:12:53 INFO GET /api/reports 200 1126ms
2026-09-28 10:13:18 INFO POST /api/login 201 177ms
2026-09-28 10:15:05 INFO GET /api/users 200 67ms
2026-09-28 10:15:12 INFO POST /api/payment 200 347ms
2026-09-28 10:15:44 INFO POST /api/payment 200 374ms
2026-09-28 10:17:30 INFO GET /api/users 200 68ms
2026-09-28 10:17:56 INFO GET /api/users 200 115ms
2026-09-28 10:19:15 INFO GET /api/users 200 91ms
2026-09-28 10:19:35 INFO GET /api/users 200 83ms
2026-09-28 10:20:08 INFO GET /api/users 200 125ms
2026-09-28 10:20:09 INFO GET /api/users 200 66ms
2026-09-28 10:20:39 INFO POST /api/payment 200 305ms
2026-09-28 10:21:05 INFO POST /api/login 201 172ms
2026-09-28 10:21:38 WARNING GET /api/orders 429 90ms
2026-09-28 10:21:40 INFO GET /api/orders 200 139ms
2026-09-28 10:21:44 INFO GET /api/users 200 123ms
2026-09-28 10:22:10 INFO GET /api/users 200 123ms
2026-09-28 10:22:38 INFO GET /api/orders 200 121ms
2026-09-28 10:22:43 INFO GET /api/users 200 89ms
2026-09-28 10:22:57 INFO POST /api/login 201 154ms
2026-09-28 10:23:05 INFO GET /api/orders 200 148ms
2026-09-28 10:23:06 INFO GET /api/users 200 68ms
2026-09-28 10:23:09 INFO GET /api/orders 200 96ms
2026-09-28 10:25:25 INFO GET /api/orders 200 116ms
2026-09-28 10:25:29 INFO POST /api/login 201 90ms
2026-09-28 10:26:02 INFO GET /api/users 200 69ms
2026-09-28 10:26:09 INFO GET /api/users 200 133ms
2026-09-28 10:26:34 INFO GET /api/users 200 132ms
2026-09-28 10:28:51 INFO GET /api/orders 200 179ms
2026-09-28 10:29:37 INFO GET /api/users 200 106ms
2026-09-28 10:29:57 INFO GET /api/orders 200 233ms
2026-09-28 10:30:12 INFO GET /api/orders 200 213ms
2026-09-28 10:30:30 INFO GET /api/orders 200 126ms
2026-09-28 10:30:40 INFO GET /api/orders 200 138ms
2026-09-28 10:30:42 INFO POST /api/login 201 99ms
2026-09-28 10:30:53 INFO GET /api/orders 200 222ms
2026-09-28 10:30:58 INFO GET /api/orders 200 254ms
2026-09-28 10:32:12 INFO POST /api/payment 200 265ms
2026-09-28 10:32:34 INFO POST /api/payment 200 279ms
2026-09-28 10:33:23 INFO GET /api/orders 200 181ms
2026-09-28 10:33:33 INFO POST /api/payment 200 350ms
2026-09-28 10:35:35 INFO POST /api/login 201 81ms
2026-09-28 10:36:03 INFO GET /api/users 200 123ms
2026-09-28 10:36:09 INFO GET /api/orders 200 183ms
2026-09-28 10:36:37 INFO GET /api/users 200 88ms
2026-09-28 10:37:03 INFO GET /api/users 200 87ms
2026-09-28 10:37:20 INFO POST /api/login 201 133ms
2026-09-28 10:37:51 INFO GET /api/users 200 71ms
2026-09-28 10:38:00 INFO POST /api/login 201 99ms
2026-09-28 10:38:04 INFO GET /api/users 200 113ms
2026-09-28 10:39:01 INFO GET /api/orders 200 143ms
2026-09-28 10:39:24 INFO GET /api/orders 200 154ms
2026-09-28 10:39:41 INFO GET /api/users 200 66ms
2026-09-28 10:39:57 INFO GET /api/orders 200 90ms
2026-09-28 10:40:40 INFO GET /api/users 200 67ms
2026-09-28 10:42:14 INFO GET /api/users 200 135ms
2026-09-28 10:42:15 INFO GET /api/reports 200 917ms
2026-09-28 10:42:19 INFO GET /api/reports 200 1495ms
2026-09-28 10:43:34 INFO GET /api/users 200 100ms
2026-09-28 10:43:52 INFO GET /api/users 200 109ms
2026-09-28 10:46:10 INFO POST /api/login 201 96ms
2026-09-28 10:47:15 INFO GET /api/users 200 123ms
2026-09-28 10:47:59 INFO POST /api/login 201 104ms
2026-09-28 10:48:33 INFO GET /api/orders 200 254ms
2026-09-28 10:48:35 INFO GET /api/users 200 100ms
2026-09-28 10:48:57 INFO POST /api/payment 200 263ms
2026-09-28 10:49:06 INFO POST /api/payment 200 164ms
2026-09-28 10:49:14 INFO GET /api/orders 200 218ms
2026-09-28 10:50:45 INFO POST /api/login 201 141ms
2026-09-28 10:51:15 INFO GET /api/orders 200 148ms
2026-09-28 10:51:41 INFO POST /api/login 201 156ms
2026-09-28 10:51:46 INFO POST /api/login 201 147ms
2026-09-28 10:52:36 INFO GET /api/users 200 88ms
2026-09-28 10:52:55 INFO POST /api/login 201 112ms
2026-09-28 10:52:57 INFO POST /api/login 201 144ms
2026-09-28 10:53:08 INFO POST /api/login 201 174ms
2026-09-28 10:55:05 INFO GET /api/orders 200 156ms
2026-09-28 10:55:35 INFO GET /api/users 200 113ms
2026-09-28 10:56:11 INFO POST /api/login 201 161ms
2026-09-28 10:56:21 INFO GET /api/users 200 96ms
2026-09-28 10:56:42 INFO GET /api/users 200 119ms
2026-09-28 10:59:16 INFO POST /api/payment 200 378ms
2026-09-28 11:00:00 INFO POST /api/login 201 138ms
2026-09-28 11:00:01 INFO GET /api/users 200 130ms
2026-09-28 11:00:04 INFO GET /api/users 200 92ms
2026-09-28 11:00:16 INFO GET /api/users 200 102ms
2026-09-28 11:00:51 INFO POST /api/payment 200 366ms
2026-09-28 11:01:26 INFO POST /api/login 201 119ms
2026-09-28 11:02:19 INFO GET /api/reports 200 1087ms
2026-09-28 11:02:52 INFO GET /api/users 200 125ms
2026-09-28 11:02:57 INFO GET /api/users 200 94ms
2026-09-28 11:03:01 INFO POST /api/login 201 166ms
2026-09-28 11:03:40 INFO GET /api/users 200 128ms
2026-09-28 11:04:37 INFO GET /api/orders 200 224ms
2026-09-28 11:04:47 INFO GET /api/users 200 92ms
2026-09-28 11:04:52 INFO GET /api/orders 200 205ms
2026-09-28 11:05:01 INFO GET /api/users 200 106ms
2026-09-28 11:05:11 INFO POST /api/login 201 91ms
2026-09-28 11:05:16 INFO GET /api/users 200 78ms
2026-09-28 11:05:22 INFO GET /api/reports 200 826ms
2026-09-28 11:05:35 INFO POST /api/login 201 80ms
2026-09-28 11:06:03 INFO GET /api/orders 200 163ms
2026-09-28 11:06:24 INFO GET /api/users 200 131ms
2026-09-28 11:06:42 INFO GET /api/users 200 115ms
2026-09-28 11:07:10 INFO GET /api/users 200 83ms
2026-09-28 11:08:00 INFO GET /api/orders 200 214ms
2026-09-28 11:08:02 INFO POST /api/login 201 177ms
2026-09-28 11:08:10 INFO GET /api/orders 200 177ms
2026-09-28 11:08:43 INFO POST /api/login 201 160ms
2026-09-28 11:08:58 INFO GET /api/users 200 124ms
2026-09-28 11:09:16 INFO GET /api/users 200 119ms
2026-09-28 11:09:18 INFO GET /api/users 200 78ms
2026-09-28 11:09:45 INFO GET /api/users 200 106ms
2026-09-28 11:10:06 WARNING GET /api/reports 404 986ms
2026-09-28 11:10:41 INFO GET /api/orders 200 143ms
2026-09-28 11:10:45 INFO GET /api/users 200 125ms
2026-09-28 11:12:19 INFO POST /api/payment 200 199ms
2026-09-28 11:12:32 INFO GET /api/users 200 117ms
2026-09-28 11:12:56 WARNING POST /api/login 401 132ms
2026-09-28 11:12:59 INFO GET /api/users 200 99ms
2026-09-28 11:13:01 INFO POST /api/payment 200 186ms
2026-09-28 11:13:22 INFO GET /api/users 200 102ms
2026-09-28 11:14:28 INFO GET /api/orders 200 205ms
2026-09-28 11:14:29 INFO POST /api/payment 200 344ms
2026-09-28 11:14:31 INFO GET /api/orders 200 214ms
2026-09-28 11:14:47 INFO GET /api/users 200 110ms
2026-09-28 11:16:23 INFO GET /api/orders 200 189ms
2026-09-28 11:16:23 INFO GET /api/orders 200 251ms
2026-09-28 11:16:25 INFO GET /api/orders 200 167ms
2026-09-28 11:17:03 INFO GET /api/users 200 83ms
2026-09-28 11:17:20 INFO POST /api/login 201 111ms
2026-09-28 11:17:24 INFO GET /api/orders 200 143ms
2026-09-28 11:17:43 INFO GET /api/orders 200 145ms
2026-09-28 11:17:57 INFO POST /api/login 201 131ms
2026-09-28 11:18:19 INFO GET /api/orders 200 257ms
2026-09-28 11:18:29 INFO GET /api/orders 200 120ms
2026-09-28 11:19:19 INFO GET /api/users 200 70ms
2026-09-28 11:19:33 INFO POST /api/login 201 104ms
2026-09-28 11:20:05 INFO GET /api/users 200 62ms
2026-09-28 11:20:15 INFO POST /api/login 201 152ms
2026-09-28 11:20:46 INFO POST /api/payment 200 170ms
2026-09-28 11:21:12 INFO GET /api/users 200 77ms
2026-09-28 11:21:35 INFO GET /api/users 200 62ms
2026-09-28 11:24:05 INFO GET /api/users 200 124ms
2026-09-28 11:24:16 INFO POST /api/login 201 156ms
2026-09-28 11:24:17 INFO POST /api/login 201 87ms
2026-09-28 11:24:21 INFO GET /api/users 200 97ms
2026-09-28 11:24:26 INFO POST /api/login 201 106ms
2026-09-28 11:24:48 INFO GET /api/users 200 123ms
2026-09-28 11:25:01 INFO GET /api/orders 200 215ms
2026-09-28 11:25:09 INFO GET /api/users 200 125ms
2026-09-28 11:25:21 INFO GET /api/users 200 105ms
2026-09-28 11:25:22 INFO GET /api/users 200 76ms
2026-09-28 11:25:28 INFO POST /api/payment 200 376ms
2026-09-28 11:25:37 INFO GET /api/users 200 62ms
2026-09-28 11:25:58 INFO GET /api/orders 200 231ms
2026-09-28 11:26:03 INFO POST /api/payment 200 197ms
2026-09-28 11:26:22 INFO GET /api/orders 200 120ms
2026-09-28 11:26:23 INFO POST /api/payment 200 200ms
2026-09-28 11:27:08 INFO GET /api/orders 200 152ms
2026-09-28 11:27:10 INFO GET /api/users 200 108ms
2026-09-28 11:27:32 INFO GET /api/orders 200 185ms
2026-09-28 11:27:57 INFO GET /api/users 200 62ms
2026-09-28 11:29:11 INFO GET /api/users 200 117ms
2026-09-28 11:29:31 INFO GET /api/orders 200 109ms
2026-09-28 11:29:51 INFO GET /api/users 200 124ms
2026-09-28 11:30:33 INFO POST /api/login 201 111ms
2026-09-28 11:30:35 INFO GET /api/orders 200 120ms
2026-09-28 11:30:58 INFO GET /api/orders 200 101ms
2026-09-28 11:31:00 INFO POST /api/login 201 147ms
2026-09-28 11:31:02 INFO POST /api/payment 200 333ms
2026-09-28 11:31:03 INFO GET /api/orders 200 230ms
2026-09-28 11:31:17 INFO POST /api/login 201 126ms
2026-09-28 11:31:26 INFO POST /api/payment 200 164ms
2026-09-28 11:31:39 INFO POST /api/payment 200 207ms
2026-09-28 11:32:04 INFO GET /api/users 200 89ms
2026-09-28 11:32:04 INFO POST /api/payment 200 398ms
2026-09-28 11:32:17 INFO GET /api/orders 200 183ms
2026-09-28 11:32:19 INFO GET /api/users 200 89ms
2026-09-28 11:32:43 INFO GET /api/users 200 104ms
2026-09-28 11:32:57 INFO GET /api/orders 200 230ms
2026-09-28 11:33:43 INFO POST /api/login 201 172ms
2026-09-28 11:33:48 INFO GET /api/users 200 117ms
2026-09-28 11:35:13 INFO GET /api/orders 200 102ms
2026-09-28 11:35:20 INFO GET /api/users 200 99ms
2026-09-28 11:35:26 INFO GET /api/users 200 94ms
2026-09-28 11:35:48 INFO GET /api/reports 200 1065ms
2026-09-28 11:36:31 INFO GET /api/users 200 71ms
2026-09-28 11:36:53 INFO GET /api/users 200 62ms
2026-09-28 11:37:33 INFO GET /api/users 200 79ms
2026-09-28 11:38:09 INFO GET /api/orders 200 256ms
2026-09-28 11:38:09 INFO POST /api/payment 200 163ms
2026-09-28 11:38:15 INFO GET /api/users 200 65ms
2026-09-28 11:38:54 INFO GET /api/users 200 93ms
2026-09-28 11:39:08 INFO GET /api/users 200 90ms
2026-09-28 11:39:40 INFO GET /api/orders 200 109ms
2026-09-28 11:40:05 INFO GET /api/users 200 70ms
2026-09-28 11:40:16 INFO POST /api/login 201 135ms
2026-09-28 11:40:27 INFO GET /api/users 200 124ms
2026-09-28 11:40:59 INFO GET /api/orders 200 158ms
2026-09-28 11:41:12 INFO GET /api/users 200 60ms
2026-09-28 11:41:26 INFO POST /api/payment 200 208ms
2026-09-28 11:41:28 INFO POST /api/login 201 119ms
2026-09-28 11:41:45 INFO POST /api/login 201 96ms
2026-09-28 11:41:59 INFO POST /api/payment 200 269ms
2026-09-28 11:42:27 INFO POST /api/payment 200 208ms
2026-09-28 11:42:31 INFO GET /api/users 200 110ms
2026-09-28 11:42:57 INFO GET /api/users 200 136ms
2026-09-28 11:43:15 INFO GET /api/users 200 60ms
2026-09-28 11:43:28 INFO GET /api/orders 200 126ms
2026-09-28 11:43:31 INFO GET /api/orders 200 222ms
2026-09-28 11:44:41 INFO POST /api/login 201 138ms
2026-09-28 11:44:48 INFO POST /api/login 201 89ms
2026-09-28 11:45:00 INFO GET /api/orders 200 164ms
2026-09-28 11:46:48 INFO GET /api/orders 200 256ms
2026-09-28 11:47:44 INFO GET /api/orders 200 235ms
2026-09-28 11:48:08 INFO GET /api/orders 200 163ms
2026-09-28 11:48:08 INFO GET /api/users 200 93ms
2026-09-28 11:48:17 INFO GET /api/orders 200 161ms
2026-09-28 11:49:52 INFO GET /api/reports 200 1142ms
2026-09-28 11:50:06 INFO POST /api/login 201 99ms
2026-09-28 11:50:08 INFO POST /api/login 201 84ms
2026-09-28 11:50:27 INFO GET /api/orders 200 251ms
2026-09-28 11:50:55 INFO POST /api/login 201 91ms
2026-09-28 11:51:01 INFO GET /api/users 200 64ms
2026-09-28 11:51:04 INFO GET /api/orders 200 150ms
2026-09-28 11:52:43 INFO GET /api/users 200 89ms
2026-09-28 11:53:21 WARNING GET /api/orders 429 176ms
2026-09-28 11:53:23 INFO GET /api/reports 200 1153ms
2026-09-28 11:53:25 INFO GET /api/orders 200 140ms
2026-09-28 11:54:29 INFO POST /api/login 201 111ms
2026-09-28 11:54:52 INFO POST /api/login 201 82ms
2026-09-28 11:55:07 INFO GET /api/users 200 103ms
2026-09-28 11:55:32 INFO GET /api/users 200 96ms
2026-09-28 11:55:37 INFO GET /api/orders 200 199ms
2026-09-28 11:56:06 INFO GET /api/users 200 94ms
2026-09-28 11:56:18 INFO POST /api/payment 200 309ms
2026-09-28 11:56:31 INFO GET /api/users 200 88ms
2026-09-28 11:57:34 INFO GET /api/users 200 127ms
2026-09-28 11:57:35 INFO GET /api/orders 200 111ms
2026-09-28 11:57:51 INFO POST /api/login 201 155ms
2026-09-28 11:59:10 INFO POST /api/payment 200 197ms
2026-09-28 11:59:30 WARNING GET /api/orders 429 207ms
2026-09-28 11:59:46 INFO GET /api/orders 200 247ms
2026-09-28 12:00:30 INFO GET /api/users 200 89ms
2026-09-28 12:00:33 INFO POST /api/login 201 177ms
2026-09-28 12:00:39 INFO GET /api/orders 200 140ms
2026-09-28 12:00:39 INFO GET /api/users 200 119ms
2026-09-28 12:00:54 WARNING POST /api/login 401 172ms
2026-09-28 12:01:22 INFO POST /api/login 201 116ms
2026-09-28 12:01:27 INFO POST /api/login 201 92ms
2026-09-28 12:01:40 INFO GET /api/users 200 140ms
2026-09-28 12:01:52 INFO GET /api/users 200 120ms
2026-09-28 12:02:01 WARNING GET /api/orders 429 235ms
2026-09-28 12:02:08 INFO POST /api/login 201 161ms
2026-09-28 12:02:16 INFO GET /api/users 200 100ms
2026-09-28 12:02:25 INFO GET /api/users 200 80ms
2026-09-28 12:02:38 INFO GET /api/users 200 86ms
2026-09-28 12:02:44 INFO POST /api/login 201 85ms
2026-09-28 12:02:54 INFO POST /api/login 201 176ms
2026-09-28 12:03:45 INFO POST /api/login 201 121ms
2026-09-28 12:04:13 INFO GET /api/users 200 123ms
2026-09-28 12:04:19 INFO GET /api/orders 200 212ms
2026-09-28 12:04:53 INFO GET /api/orders 200 154ms
2026-09-28 12:04:54 INFO POST /api/login 201 126ms
2026-09-28 12:05:03 INFO GET /api/users 200 85ms
2026-09-28 12:05:32 INFO GET /api/users 200 80ms
2026-09-28 12:05:56 INFO POST /api/login 201 101ms
2026-09-28 12:06:04 INFO GET /api/users 200 115ms
2026-09-28 12:06:12 ERROR POST /api/payment 502 561ms
2026-09-28 12:06:17 INFO GET /api/reports 200 1097ms
2026-09-28 12:06:31 INFO POST /api/login 201 103ms
2026-09-28 12:06:40 INFO GET /api/users 200 139ms
2026-09-28 12:06:50 INFO POST /api/login 201 106ms
2026-09-28 12:07:06 INFO POST /api/login 201 100ms
2026-09-28 12:07:49 INFO GET /api/orders 200 252ms
2026-09-28 12:08:00 INFO GET /api/users 200 78ms
2026-09-28 12:08:05 INFO GET /api/orders 200 170ms
2026-09-28 12:08:31 INFO GET /api/orders 200 257ms
2026-09-28 12:08:59 INFO GET /api/users 200 61ms
2026-09-28 12:09:02 INFO GET /api/users 200 92ms
2026-09-28 12:09:18 INFO GET /api/orders 200 200ms
2026-09-28 12:09:26 INFO GET /api/orders 200 245ms
2026-09-28 12:10:03 INFO GET /api/orders 200 116ms
2026-09-28 12:10:09 INFO GET /api/users 200 80ms
2026-09-28 12:10:20 INFO GET /api/orders 200 160ms
2026-09-28 12:10:29 INFO POST /api/payment 200 347ms
2026-09-28 12:10:40 INFO GET /api/orders 200 173ms
2026-09-28 12:10:57 WARNING GET /api/orders 429 105ms
2026-09-28 12:11:14 INFO GET /api/users 200 118ms
2026-09-28 12:12:08 INFO GET /api/orders 200 215ms
2026-09-28 12:12:10 INFO POST /api/login 201 121ms
2026-09-28 12:12:20 INFO GET /api/users 200 92ms
2026-09-28 12:12:28 INFO GET /api/users 200 91ms
2026-09-28 12:12:38 INFO GET /api/users 200 134ms
2026-09-28 12:12:52 INFO POST /api/login 201 148ms
2026-09-28 12:12:56 INFO POST /api/login 201 156ms
2026-09-28 12:12:59 INFO GET /api/users 200 125ms
2026-09-28 12:13:00 INFO GET /api/users 200 80ms
2026-09-28 12:14:36 INFO POST /api/login 201 107ms
2026-09-28 12:15:09 INFO GET /api/users 200 134ms
2026-09-28 12:15:13 INFO POST /api/login 201 84ms
2026-09-28 12:15:20 INFO POST /api/payment 200 216ms
2026-09-28 12:15:24 INFO POST /api/login 201 160ms
2026-09-28 12:15:26 INFO GET /api/users 200 64ms
2026-09-28 12:15:28 INFO GET /api/users 200 118ms
2026-09-28 12:15:32 INFO GET /api/users 200 72ms
2026-09-28 12:15:58 INFO GET /api/reports 200 1417ms
2026-09-28 12:16:12 INFO GET /api/users 200 137ms
2026-09-28 12:16:14 INFO GET /api/orders 200 121ms
2026-09-28 12:16:18 INFO GET /api/orders 200 145ms
2026-09-28 12:16:34 INFO GET /api/orders 200 190ms
2026-09-28 12:16:36 INFO POST /api/login 201 116ms
2026-09-28 12:16:37 ERROR POST /api/payment 500 705ms
2026-09-28 12:16:39 INFO GET /api/orders 200 171ms
2026-09-28 12:16:39 INFO GET /api/users 200 72ms
2026-09-28 12:16:57 INFO POST /api/login 201 175ms
2026-09-28 12:17:12 ERROR POST /api/payment 500 1149ms
2026-09-28 12:18:20 INFO POST /api/login 201 113ms
2026-09-28 12:18:29 INFO GET /api/reports 200 963ms
2026-09-28 12:18:51 INFO GET /api/orders 200 132ms
2026-09-28 12:19:08 INFO GET /api/users 200 65ms
2026-09-28 12:19:16 INFO POST /api/payment 200 289ms
2026-09-28 12:19:47 INFO GET /api/users 200 105ms
2026-09-28 12:20:23 INFO GET /api/users 200 120ms
2026-09-28 12:20:33 ERROR POST /api/payment 500 1095ms
2026-09-28 12:20:38 INFO POST /api/payment 200 191ms
2026-09-28 12:21:23 INFO GET /api/users 200 138ms
2026-09-28 12:21:57 INFO GET /api/orders 200 157ms
2026-09-28 12:22:06 ERROR POST /api/payment 502 753ms
2026-09-28 12:22:09 INFO POST /api/login 201 83ms
2026-09-28 12:22:13 INFO GET /api/users 200 103ms
2026-09-28 12:22:19 INFO GET /api/orders 200 181ms
2026-09-28 12:22:30 INFO POST /api/login 201 148ms
2026-09-28 12:23:02 INFO GET /api/orders 200 193ms
2026-09-28 12:23:05 INFO GET /api/orders 200 219ms
2026-09-28 12:23:34 INFO GET /api/users 200 84ms
2026-09-28 12:23:36 INFO GET /api/orders 200 174ms
2026-09-28 12:24:22 INFO GET /api/users 200 91ms
2026-09-28 12:24:31 INFO GET /api/users 200 85ms
2026-09-28 12:25:39 INFO POST /api/login 201 152ms
2026-09-28 12:25:44 INFO GET /api/users 200 96ms
2026-09-28 12:26:26 INFO GET /api/users 200 106ms
2026-09-28 12:26:31 INFO GET /api/users 200 117ms
2026-09-28 12:26:32 INFO GET /api/orders 200 102ms
2026-09-28 12:27:07 INFO GET /api/users 200 111ms
2026-09-28 12:27:56 INFO GET /api/users 200 69ms
2026-09-28 12:28:06 INFO GET /api/orders 200 127ms
2026-09-28 12:28:11 INFO GET /api/orders 200 116ms
2026-09-28 12:28:32 INFO GET /api/users 200 62ms
2026-09-28 12:28:42 INFO POST /api/payment 200 232ms
2026-09-28 12:29:02 INFO GET /api/reports 200 1147ms
2026-09-28 12:29:04 INFO GET /api/users 200 67ms
2026-09-28 12:29:23 INFO GET /api/users 200 136ms
2026-09-28 12:29:41 INFO POST /api/payment 200 210ms
2026-09-28 12:30:30 INFO POST /api/login 201 169ms
2026-09-28 12:30:35 INFO GET /api/users 200 80ms
2026-09-28 12:31:10 INFO POST /api/login 201 161ms
2026-09-28 12:31:37 INFO POST /api/login 201 145ms
2026-09-28 12:32:10 ERROR POST /api/payment 502 1128ms
2026-09-28 12:32:12 ERROR POST /api/payment 500 1029ms
2026-09-28 12:32:42 WARNING GET /api/orders 429 252ms
2026-09-28 12:32:58 INFO GET /api/orders 200 241ms
2026-09-28 12:33:10 INFO GET /api/users 200 73ms
2026-09-28 12:34:01 INFO GET /api/orders 200 150ms
2026-09-28 12:34:14 INFO GET /api/orders 200 167ms
2026-09-28 12:34:38 INFO POST /api/payment 200 342ms
2026-09-28 12:35:30 INFO GET /api/users 200 72ms
2026-09-28 12:35:33 INFO GET /api/orders 200 116ms
2026-09-28 12:35:50 ERROR POST /api/payment 500 699ms
2026-09-28 12:36:13 INFO POST /api/login 201 91ms
2026-09-28 12:36:17 INFO GET /api/users 200 93ms
2026-09-28 12:36:37 INFO GET /api/reports 200 1131ms
2026-09-28 12:36:39 INFO GET /api/users 200 124ms
2026-09-28 12:36:52 INFO POST /api/login 201 135ms
2026-09-28 12:36:56 INFO GET /api/users 200 80ms
2026-09-28 12:37:08 INFO GET /api/orders 200 249ms
2026-09-28 12:37:15 INFO GET /api/users 200 107ms
2026-09-28 12:38:15 INFO GET /api/users 200 100ms
2026-09-28 12:38:29 INFO GET /api/users 200 140ms
2026-09-28 12:38:41 ERROR POST /api/payment 500 894ms
2026-09-28 12:38:41 INFO GET /api/orders 200 244ms
2026-09-28 12:38:47 INFO GET /api/reports 200 1458ms
2026-09-28 12:39:25 INFO GET /api/users 200 85ms
2026-09-28 12:39:46 INFO GET /api/orders 200 118ms
2026-09-28 12:39:47 INFO GET /api/orders 200 165ms
2026-09-28 12:39:47 WARNING POST /api/login 401 132ms
2026-09-28 12:39:57 INFO GET /api/users 200 128ms
2026-09-28 12:40:05 INFO POST /api/login 201 160ms
2026-09-28 12:40:14 INFO POST /api/payment 200 182ms
2026-09-28 12:40:18 INFO POST /api/login 201 96ms
2026-09-28 12:40:34 INFO GET /api/users 200 80ms
2026-09-28 12:41:12 INFO GET /api/users 200 111ms
2026-09-28 12:41:29 INFO GET /api/users 200 73ms
2026-09-28 12:41:32 INFO GET /api/orders 200 196ms
2026-09-28 12:41:51 INFO GET /api/users 200 71ms
2026-09-28 12:41:52 INFO GET /api/orders 200 179ms
2026-09-28 12:42:19 INFO GET /api/users 200 66ms
2026-09-28 12:42:53 INFO GET /api/users 200 109ms
2026-09-28 12:43:23 INFO GET /api/users 200 99ms
2026-09-28 12:43:27 INFO GET /api/orders 200 223ms
2026-09-28 12:43:50 INFO GET /api/orders 200 146ms
2026-09-28 12:44:14 INFO GET /api/reports 200 1347ms
2026-09-28 12:44:52 INFO GET /api/users 200 88ms
2026-09-28 12:45:03 INFO GET /api/orders 200 231ms
2026-09-28 12:45:29 INFO GET /api/users 200 109ms
2026-09-28 12:45:34 WARNING GET /api/orders 429 201ms
2026-09-28 12:45:52 INFO POST /api/payment 200 189ms
2026-09-28 12:46:00 INFO GET /api/orders 200 146ms
2026-09-28 12:46:06 ERROR POST /api/payment 500 954ms
2026-09-28 12:46:09 INFO POST /api/payment 200 335ms
2026-09-28 12:46:52 INFO GET /api/users 200 65ms
2026-09-28 12:47:51 INFO GET /api/orders 200 186ms
2026-09-28 12:47:58 INFO GET /api/orders 200 257ms
2026-09-28 12:48:03 WARNING POST /api/login 401 142ms
2026-09-28 12:48:05 INFO GET /api/orders 200 135ms
2026-09-28 12:48:32 INFO GET /api/orders 200 257ms
2026-09-28 12:49:05 INFO POST /api/payment 200 328ms
2026-09-28 12:49:19 INFO GET /api/users 200 99ms
2026-09-28 12:49:25 INFO GET /api/users 200 64ms
2026-09-28 12:49:38 INFO POST /api/login 201 116ms
2026-09-28 12:49:46 INFO GET /api/orders 200 103ms
2026-09-28 12:49:49 INFO GET /api/users 200 60ms
2026-09-28 12:49:53 INFO GET /api/users 200 95ms
2026-09-28 12:50:08 WARNING GET /api/orders 429 106ms
2026-09-28 12:50:16 INFO GET /api/users 200 123ms
2026-09-28 12:50:19 INFO POST /api/payment 200 261ms
2026-09-28 12:50:25 INFO GET /api/users 200 79ms
2026-09-28 12:51:16 INFO GET /api/orders 200 104ms
2026-09-28 12:51:59 INFO GET /api/users 200 79ms
2026-09-28 12:52:00 INFO GET /api/users 200 112ms
2026-09-28 12:52:13 INFO POST /api/login 201 109ms
2026-09-28 12:52:33 INFO GET /api/orders 200 253ms
2026-09-28 12:52:39 INFO GET /api/orders 200 169ms
2026-09-28 12:53:11 INFO GET /api/users 200 111ms
2026-09-28 12:53:28 INFO GET /api/users 200 65ms
2026-09-28 12:53:30 INFO GET /api/orders 200 93ms
2026-09-28 12:53:30 INFO GET /api/users 200 87ms
2026-09-28 12:54:14 INFO GET /api/reports 200 1368ms
2026-09-28 12:54:23 INFO GET /api/orders 200 205ms
2026-09-28 12:54:49 INFO GET /api/users 200 75ms
2026-09-28 12:55:11 INFO GET /api/users 200 93ms
2026-09-28 12:55:37 INFO GET /api/orders 200 170ms
2026-09-28 12:55:42 INFO GET /api/orders 200 192ms
2026-09-28 12:56:18 INFO GET /api/users 200 66ms
2026-09-28 12:56:35 INFO GET /api/users 200 64ms
2026-09-28 12:56:41 ERROR POST /api/payment 500 606ms
2026-09-28 12:57:24 INFO GET /api/orders 200 157ms
2026-09-28 12:57:42 INFO POST /api/login 201 176ms
2026-09-28 12:57:52 INFO GET /api/orders 200 155ms
2026-09-28 12:57:56 INFO POST /api/payment 200 258ms
2026-09-28 12:58:10 INFO POST /api/login 201 83ms
2026-09-28 12:58:30 INFO GET /api/users 200 137ms
2026-09-28 12:58:44 INFO POST /api/login 201 148ms
2026-09-28 12:58:45 INFO POST /api/login 201 93ms
2026-09-28 12:58:51 INFO GET /api/users 200 68ms
2026-09-28 12:59:17 INFO GET /api/users 200 136ms
2026-09-28 12:59:33 INFO GET /api/orders 200 153ms
2026-09-28 12:59:40 INFO GET /api/users 200 139ms
2026-09-28 12:59:51 INFO GET /api/orders 200 128ms
2026-09-28 13:00:42 WARNING GET /api/orders 429 108ms
2026-09-28 13:01:01 INFO GET /api/orders 200 174ms
2026-09-28 13:02:16 INFO GET /api/users 200 80ms
2026-09-28 13:02:42 INFO POST /api/payment 200 310ms
2026-09-28 13:03:30 INFO GET /api/orders 200 126ms
2026-09-28 13:06:55 INFO POST /api/login 201 123ms
2026-09-28 13:08:37 INFO POST /api/login 201 91ms
2026-09-28 13:09:40 INFO POST /api/payment 200 326ms
2026-09-28 13:10:16 INFO GET /api/users 200 121ms
2026-09-28 13:10:39 INFO GET /api/orders 200 245ms
2026-09-28 13:10:53 INFO GET /api/orders 200 234ms
2026-09-28 13:11:26 INFO POST /api/payment 200 155ms
2026-09-28 13:11:40 INFO GET /api/orders 200 255ms
2026-09-28 13:12:52 INFO POST /api/login 201 157ms
2026-09-28 13:13:10 INFO GET /api/users 200 68ms
2026-09-28 13:13:43 INFO GET /api/users 200 125ms
2026-09-28 13:13:57 INFO GET /api/orders 200 226ms
2026-09-28 13:14:51 INFO GET /api/users 200 119ms
2026-09-28 13:15:41 INFO GET /api/users 200 121ms
2026-09-28 13:17:45 INFO GET /api/users 200 92ms
2026-09-28 13:18:22 INFO POST /api/login 201 131ms
2026-09-28 13:21:12 INFO POST /api/login 201 118ms
2026-09-28 13:21:32 INFO POST /api/login 201 144ms
2026-09-28 13:22:13 INFO POST /api/login 201 95ms
2026-09-28 13:22:40 INFO GET /api/users 200 95ms
2026-09-28 13:22:42 INFO GET /api/users 200 112ms
2026-09-28 13:23:27 INFO GET /api/orders 200 109ms
2026-09-28 13:24:25 INFO GET /api/users 200 69ms
2026-09-28 13:24:53 INFO GET /api/users 200 73ms
2026-09-28 13:25:19 INFO POST /api/login 201 85ms
2026-09-28 13:26:58 INFO GET /api/users 200 105ms
2026-09-28 13:27:16 INFO POST /api/login 201 117ms
2026-09-28 13:27:36 INFO GET /api/reports 200 755ms
2026-09-28 13:27:43 INFO GET /api/users 200 60ms
2026-09-28 13:29:01 INFO GET /api/users 200 112ms
2026-09-28 13:29:18 INFO GET /api/users 200 76ms
2026-09-28 13:29:27 INFO GET /api/users 200 140ms
2026-09-28 13:29:34 INFO GET /api/users 200 120ms
2026-09-28 13:30:49 INFO POST /api/login 201 178ms
2026-09-28 13:31:27 INFO GET /api/users 200 70ms
2026-09-28 13:31:36 INFO GET /api/reports 200 821ms
2026-09-28 13:31:42 INFO GET /api/orders 200 209ms
2026-09-28 13:31:44 INFO GET /api/orders 200 110ms
2026-09-28 13:32:01 INFO GET /api/users 200 107ms
2026-09-28 13:33:21 INFO GET /api/users 200 118ms
2026-09-28 13:33:22 INFO GET /api/users 200 133ms
2026-09-28 13:33:43 INFO GET /api/users 200 83ms
2026-09-28 13:33:53 INFO GET /api/orders 200 239ms
2026-09-28 13:34:38 INFO GET /api/orders 200 91ms
2026-09-28 13:35:07 INFO GET /api/orders 200 149ms
2026-09-28 13:35:45 INFO POST /api/payment 200 227ms
2026-09-28 13:37:09 INFO GET /api/orders 200 137ms
2026-09-28 13:37:16 INFO GET /api/users 200 98ms
2026-09-28 13:38:56 INFO POST /api/payment 200 204ms
2026-09-28 13:41:18 INFO GET /api/orders 200 115ms
2026-09-28 13:41:35 INFO GET /api/users 200 78ms
2026-09-28 13:42:57 INFO GET /api/orders 200 167ms
2026-09-28 13:44:06 INFO GET /api/users 200 91ms
2026-09-28 13:44:31 INFO GET /api/orders 200 132ms
2026-09-28 13:45:26 INFO POST /api/login 201 123ms
2026-09-28 13:45:50 INFO GET /api/users 200 85ms
2026-09-28 13:47:25 INFO GET /api/users 200 127ms
2026-09-28 13:47:53 INFO GET /api/orders 200 119ms
2026-09-28 13:48:11 INFO POST /api/payment 200 196ms
2026-09-28 13:48:57 INFO POST /api/login 201 107ms
2026-09-28 13:48:59 INFO GET /api/users 200 138ms
2026-09-28 13:49:28 INFO GET /api/orders 200 129ms
2026-09-28 13:49:42 INFO POST /api/login 201 144ms
2026-09-28 13:49:51 INFO GET /api/reports 200 1412ms
2026-09-28 13:49:53 INFO GET /api/users 200 89ms
2026-09-28 13:50:02 INFO POST /api/login 201 150ms
2026-09-28 13:50:05 INFO GET /api/orders 200 230ms
2026-09-28 13:50:25 INFO GET /api/users 200 140ms
2026-09-28 13:50:40 INFO GET /api/orders 200 140ms
2026-09-28 13:51:06 INFO GET /api/orders 200 214ms
2026-09-28 13:51:46 INFO GET /api/users 200 105ms
2026-09-28 13:51:51 INFO GET /api/users 200 120ms
2026-09-28 13:52:08 INFO GET /api/orders 200 232ms
2026-09-28 13:54:14 INFO GET /api/users 200 75ms
2026-09-28 13:54:24 WARNING GET /api/orders 429 234ms
2026-09-28 13:55:02 INFO POST /api/payment 200 175ms
2026-09-28 13:55:52 INFO POST /api/payment 200 229ms
2026-09-28 13:56:25 INFO POST /api/login 201 86ms
2026-09-28 13:56:56 INFO GET /api/users 200 134ms
2026-09-28 13:57:20 INFO GET /api/orders 200 125ms
2026-09-28 13:57:41 INFO GET /api/users 200 61ms
2026-09-28 13:58:13 INFO POST /api/login 201 123ms
2026-09-28 13:58:34 INFO POST /api/payment 200 307ms
2026-09-28 13:58:59 INFO POST /api/payment 200 244ms
