2026-09-27 10:00:11 INFO GET /api/users 200 103ms
2026-09-27 10:00:56 INFO GET /api/users 200 86ms
2026-09-27 10:01:10 INFO GET /api/users 200 128ms
2026-09-27 10:01:17 INFO GET /api/users 200 78ms
2026-09-27 10:01:46 ERROR POST /api/login 500 145ms
2026-09-27 10:01:50 INFO POST /api/payment 200 241ms
2026-09-27 10:02:59 INFO GET /api/orders 200 124ms
2026-09-27 10:03:04 INFO POST /api/payment 200 258ms
2026-09-27 10:03:13 INFO GET /api/orders 200 158ms
2026-09-27 10:03:25 INFO GET /api/users 200 72ms
2026-09-27 10:03:49 INFO GET /api/orders 200 191ms
2026-09-27 10:03:59 INFO GET /api/orders 200 121ms
2026-09-27 10:04:05 INFO GET /api/orders 200 163ms
2026-09-27 10:04:11 INFO GET /api/orders 200 191ms
2026-09-27 10:04:17 INFO GET /api/users 200 105ms
2026-09-27 10:04:19 INFO GET /api/users 200 116ms
2026-09-27 10:04:44 ERROR POST /api/login 500 96ms
2026-09-27 10:05:43 INFO POST /api/login 200 128ms
2026-09-27 10:05:50 INFO POST /api/login 200 116ms
2026-09-27 10:06:22 INFO POST /api/login 200 135ms
2026-09-27 10:06:32 INFO GET /api/orders 200 112ms
2026-09-27 10:06:37 INFO GET /api/users 200 101ms
2026-09-27 10:07:16 INFO POST /api/login 200 114ms
2026-09-27 10:07:25 INFO GET /api/users 200 102ms
2026-09-27 10:07:49 INFO GET /api/reports 200 696ms
2026-09-27 10:07:53 INFO GET /api/orders 200 174ms
2026-09-27 10:07:55 INFO POST /api/login 200 106ms
2026-09-27 10:08:48 INFO GET /api/orders 200 194ms
2026-09-27 10:09:01 INFO POST /api/payment 200 234ms
2026-09-27 10:09:09 INFO GET /api/users 200 107ms
2026-09-27 10:09:14 INFO GET /api/users 200 101ms
2026-09-27 10:09:30 INFO POST /api/payment 200 158ms
2026-09-27 10:09:32 INFO POST /api/payment 200 241ms
2026-09-27 10:09:46 INFO GET /api/users 200 108ms
2026-09-27 10:11:20 INFO GET /api/users 200 68ms
2026-09-27 10:11:39 INFO GET /api/orders 200 129ms
2026-09-27 10:11:49 INFO POST /api/login 200 86ms
2026-09-27 10:12:09 INFO POST /api/login 200 79ms
2026-09-27 10:12:35 INFO GET /api/orders 200 165ms
2026-09-27 10:13:03 INFO GET /api/users 200 76ms
2026-09-27 10:13:35 INFO GET /api/users 200 92ms
2026-09-27 10:14:11 INFO GET /api/orders 200 187ms
2026-09-27 10:14:31 INFO GET /api/users 200 112ms
2026-09-27 10:14:41 INFO POST /api/payment 200 278ms
2026-09-27 10:14:53 INFO GET /api/orders 200 116ms
2026-09-27 10:15:04 INFO GET /api/orders 200 182ms
2026-09-27 10:15:08 INFO GET /api/reports 200 1278ms
2026-09-27 10:15:31 INFO POST /api/login 200 144ms
2026-09-27 10:15:50 INFO GET /api/users 200 123ms
2026-09-27 10:16:21 INFO GET /api/users 200 87ms
2026-09-27 10:17:04 INFO GET /api/users 200 101ms
2026-09-27 10:18:55 INFO GET /api/users 200 91ms
2026-09-27 10:20:12 INFO GET /api/orders 200 174ms
2026-09-27 10:20:54 INFO GET /api/orders 200 160ms
2026-09-27 10:21:06 INFO POST /api/login 200 145ms
2026-09-27 10:21:16 INFO GET /api/orders 200 146ms
2026-09-27 10:22:19 INFO POST /api/login 200 95ms
2026-09-27 10:22:46 INFO GET /api/users 200 128ms
2026-09-27 10:22:57 INFO POST /api/login 200 72ms
2026-09-27 10:23:00 INFO GET /api/users 200 127ms
2026-09-27 10:23:26 INFO POST /api/login 200 112ms
2026-09-27 10:23:32 INFO GET /api/users 200 95ms
2026-09-27 10:23:40 INFO GET /api/users 200 117ms
2026-09-27 10:23:55 INFO POST /api/login 200 109ms
2026-09-27 10:24:00 INFO GET /api/orders 200 184ms
2026-09-27 10:24:58 INFO GET /api/users 200 101ms
2026-09-27 10:25:17 INFO GET /api/users 200 101ms
2026-09-27 10:25:24 INFO GET /api/users 200 77ms
2026-09-27 10:26:22 INFO GET /api/users 200 110ms
2026-09-27 10:26:23 INFO POST /api/login 200 86ms
2026-09-27 10:26:34 INFO GET /api/reports 200 1174ms
2026-09-27 10:27:01 INFO GET /api/users 200 61ms
2026-09-27 10:27:07 INFO GET /api/users 200 79ms
2026-09-27 10:27:12 ERROR GET /api/orders 500 142ms
2026-09-27 10:27:23 INFO POST /api/login 200 148ms
2026-09-27 10:27:32 INFO GET /api/orders 200 152ms
2026-09-27 10:28:18 INFO GET /api/orders 200 155ms
2026-09-27 10:28:36 INFO GET /api/users 200 66ms
2026-09-27 10:28:42 INFO POST /api/login 200 104ms
2026-09-27 10:28:50 INFO GET /api/orders 200 176ms
2026-09-27 10:29:08 INFO POST /api/login 200 134ms
2026-09-27 10:29:13 INFO GET /api/orders 200 148ms
2026-09-27 10:29:21 INFO GET /api/orders 200 112ms
2026-09-27 10:29:27 INFO GET /api/orders 200 165ms
2026-09-27 10:29:32 INFO POST /api/payment 200 220ms
2026-09-27 10:30:12 INFO GET /api/users 200 106ms
2026-09-27 10:30:24 INFO POST /api/login 200 95ms
2026-09-27 10:30:25 INFO GET /api/users 200 112ms
2026-09-27 10:32:19 INFO GET /api/reports 200 901ms
2026-09-27 10:32:36 INFO GET /api/reports 200 727ms
2026-09-27 10:34:53 INFO GET /api/users 200 86ms
2026-09-27 10:35:03 INFO GET /api/users 200 79ms
2026-09-27 10:35:19 INFO GET /api/users 200 68ms
2026-09-27 10:35:25 INFO GET /api/orders 200 86ms
2026-09-27 10:36:24 INFO GET /api/users 200 87ms
2026-09-27 10:37:13 INFO POST /api/payment 200 267ms
2026-09-27 10:37:29 INFO POST /api/login 200 75ms
2026-09-27 10:38:14 INFO POST /api/login 200 127ms
2026-09-27 10:38:34 INFO GET /api/orders 200 153ms
2026-09-27 10:40:20 INFO GET /api/orders 200 192ms
2026-09-27 10:41:15 INFO GET /api/orders 200 89ms
2026-09-27 10:41:38 INFO POST /api/payment 200 155ms
2026-09-27 10:41:44 INFO POST /api/payment 200 299ms
2026-09-27 10:42:06 INFO POST /api/login 200 128ms
2026-09-27 10:42:38 INFO GET /api/orders 200 106ms
2026-09-27 10:43:13 INFO GET /api/users 200 82ms
2026-09-27 10:43:39 INFO GET /api/orders 200 139ms
2026-09-27 10:44:00 INFO POST /api/login 200 148ms
2026-09-27 10:45:07 INFO GET /api/users 200 65ms
2026-09-27 10:46:30 INFO POST /api/payment 200 170ms
2026-09-27 10:46:39 INFO GET /api/users 200 112ms
2026-09-27 10:49:22 INFO GET /api/users 200 127ms
2026-09-27 10:50:05 INFO POST /api/payment 200 140ms
2026-09-27 10:50:09 INFO GET /api/orders 200 186ms
2026-09-27 10:50:12 INFO GET /api/users 200 112ms
2026-09-27 10:50:41 INFO POST /api/payment 200 195ms
2026-09-27 10:51:23 INFO GET /api/orders 200 102ms
2026-09-27 10:51:34 INFO GET /api/users 200 72ms
2026-09-27 10:51:55 INFO GET /api/users 200 78ms
2026-09-27 10:53:06 INFO GET /api/users 200 92ms
2026-09-27 10:53:24 INFO GET /api/orders 200 144ms
2026-09-27 10:53:34 INFO GET /api/users 200 121ms
2026-09-27 10:53:41 INFO GET /api/users 200 96ms
2026-09-27 10:53:57 INFO POST /api/payment 200 146ms
2026-09-27 10:55:16 INFO POST /api/login 200 119ms
2026-09-27 10:56:11 INFO GET /api/users 200 94ms
2026-09-27 10:56:28 INFO GET /api/orders 200 189ms
2026-09-27 10:57:04 INFO GET /api/orders 200 181ms
2026-09-27 10:57:16 INFO POST /api/payment 200 309ms
2026-09-27 10:57:48 INFO GET /api/users 200 99ms
2026-09-27 10:58:02 INFO GET /api/orders 200 147ms
2026-09-27 10:58:39 INFO GET /api/users 200 63ms
2026-09-27 11:00:06 INFO POST /api/login 200 142ms
2026-09-27 11:00:14 INFO GET /api/users 200 79ms
2026-09-27 11:00:22 INFO GET /api/orders 200 185ms
2026-09-27 11:00:23 INFO GET /api/users 200 112ms
2026-09-27 11:00:23 INFO POST /api/payment 200 157ms
2026-09-27 11:00:52 INFO GET /api/users 200 121ms
2026-09-27 11:01:11 INFO POST /api/payment 200 219ms
2026-09-27 11:01:26 INFO POST /api/payment 200 148ms
2026-09-27 11:01:35 INFO POST /api/login 200 141ms
2026-09-27 11:01:39 INFO GET /api/users 200 87ms
2026-09-27 11:02:20 INFO GET /api/users 200 106ms
2026-09-27 11:03:19 INFO GET /api/users 200 127ms
2026-09-27 11:04:35 INFO GET /api/orders 200 103ms
2026-09-27 11:05:27 INFO GET /api/users 200 121ms
2026-09-27 11:05:28 INFO GET /api/users 200 77ms
2026-09-27 11:05:34 INFO GET /api/orders 200 182ms
2026-09-27 11:06:00 INFO GET /api/users 200 105ms
2026-09-27 11:06:29 INFO GET /api/users 200 77ms
2026-09-27 11:06:43 INFO GET /api/orders 200 119ms
2026-09-27 11:06:50 INFO GET /api/orders 200 171ms
2026-09-27 11:06:51 INFO GET /api/users 200 124ms
2026-09-27 11:07:14 INFO GET /api/orders 200 103ms
2026-09-27 11:07:36 INFO POST /api/login 200 79ms
2026-09-27 11:07:42 INFO GET /api/users 200 113ms
2026-09-27 11:07:47 INFO GET /api/users 200 108ms
2026-09-27 11:08:53 INFO GET /api/users 200 75ms
2026-09-27 11:09:02 INFO GET /api/orders 200 169ms
2026-09-27 11:09:03 INFO POST /api/login 200 78ms
2026-09-27 11:09:13 INFO POST /api/payment 200 204ms
2026-09-27 11:09:28 INFO GET /api/orders 200 177ms
2026-09-27 11:09:30 INFO GET /api/orders 200 170ms
2026-09-27 11:09:55 INFO GET /api/orders 200 129ms
2026-09-27 11:10:35 INFO GET /api/orders 200 142ms
2026-09-27 11:10:49 INFO GET /api/orders 200 154ms
2026-09-27 11:11:34 INFO GET /api/orders 200 193ms
2026-09-27 11:11:44 INFO POST /api/payment 200 294ms
2026-09-27 11:12:23 INFO POST /api/login 200 109ms
2026-09-27 11:12:37 INFO GET /api/orders 200 101ms
2026-09-27 11:12:56 INFO POST /api/login 200 83ms
2026-09-27 11:13:06 INFO GET /api/users 200 113ms
2026-09-27 11:13:12 INFO GET /api/orders 200 190ms
2026-09-27 11:13:25 INFO POST /api/payment 200 199ms
2026-09-27 11:13:37 INFO GET /api/users 200 117ms
2026-09-27 11:13:38 INFO GET /api/users 200 67ms
2026-09-27 11:13:43 INFO GET /api/reports 200 635ms
2026-09-27 11:14:33 INFO GET /api/users 200 127ms
2026-09-27 11:14:50 INFO POST /api/payment 200 225ms
2026-09-27 11:14:53 INFO GET /api/users 200 92ms
2026-09-27 11:15:15 INFO GET /api/users 200 112ms
2026-09-27 11:15:59 INFO POST /api/payment 200 246ms
2026-09-27 11:16:07 INFO GET /api/orders 200 111ms
2026-09-27 11:16:31 INFO GET /api/orders 200 89ms
2026-09-27 11:17:30 INFO GET /api/users 200 112ms
2026-09-27 11:18:18 INFO GET /api/orders 200 112ms
2026-09-27 11:18:50 INFO GET /api/orders 200 115ms
2026-09-27 11:19:05 INFO GET /api/users 200 87ms
2026-09-27 11:19:06 INFO GET /api/orders 200 111ms
2026-09-27 11:19:17 INFO GET /api/users 200 93ms
2026-09-27 11:19:32 INFO GET /api/reports 200 937ms
2026-09-27 11:19:55 INFO POST /api/login 200 108ms
2026-09-27 11:20:05 INFO GET /api/orders 200 169ms
2026-09-27 11:20:09 INFO GET /api/users 200 79ms
2026-09-27 11:21:14 INFO POST /api/payment 200 228ms
2026-09-27 11:22:03 INFO GET /api/users 200 71ms
2026-09-27 11:22:24 INFO GET /api/orders 200 155ms
2026-09-27 11:23:22 INFO POST /api/login 200 97ms
2026-09-27 11:23:25 INFO GET /api/users 200 71ms
2026-09-27 11:23:38 INFO GET /api/users 200 107ms
2026-09-27 11:26:35 INFO GET /api/reports 200 741ms
2026-09-27 11:26:36 INFO POST /api/login 200 88ms
2026-09-27 11:27:33 INFO POST /api/login 200 93ms
2026-09-27 11:27:59 INFO GET /api/users 200 108ms
2026-09-27 11:27:59 INFO POST /api/login 200 116ms
2026-09-27 11:28:20 INFO GET /api/users 200 69ms
2026-09-27 11:28:43 INFO GET /api/users 200 115ms
2026-09-27 11:30:06 INFO GET /api/orders 200 150ms
2026-09-27 11:31:03 INFO GET /api/users 200 110ms
2026-09-27 11:31:07 INFO GET /api/users 200 126ms
2026-09-27 11:31:12 INFO POST /api/login 200 80ms
2026-09-27 11:31:13 INFO GET /api/users 200 77ms
2026-09-27 11:31:19 INFO GET /api/users 200 129ms
2026-09-27 11:32:15 INFO GET /api/reports 200 1052ms
2026-09-27 11:32:17 INFO POST /api/login 200 142ms
2026-09-27 11:32:59 INFO GET /api/users 200 72ms
2026-09-27 11:33:10 INFO POST /api/login 200 74ms
2026-09-27 11:33:24 INFO GET /api/users 200 130ms
2026-09-27 11:33:36 INFO POST /api/payment 200 205ms
2026-09-27 11:33:39 INFO GET /api/users 200 63ms
2026-09-27 11:33:43 INFO POST /api/payment 200 230ms
2026-09-27 11:34:05 INFO GET /api/reports 200 680ms
2026-09-27 11:34:14 INFO POST /api/login 200 131ms
2026-09-27 11:34:48 INFO GET /api/orders 200 164ms
2026-09-27 11:35:08 INFO GET /api/users 200 103ms
2026-09-27 11:36:02 INFO GET /api/orders 200 112ms
2026-09-27 11:36:33 INFO GET /api/users 200 82ms
2026-09-27 11:37:17 INFO GET /api/users 200 114ms
2026-09-27 11:37:23 INFO POST /api/payment 200 274ms
2026-09-27 11:37:49 INFO POST /api/login 200 103ms
2026-09-27 11:37:49 INFO POST /api/payment 200 311ms
2026-09-27 11:38:54 INFO GET /api/orders 200 186ms
2026-09-27 11:39:20 INFO POST /api/login 200 91ms
2026-09-27 11:39:22 INFO GET /api/orders 200 95ms
2026-09-27 11:39:55 INFO GET /api/users 200 75ms
2026-09-27 11:40:16 INFO GET /api/orders 200 124ms
2026-09-27 11:41:18 INFO GET /api/users 200 67ms
2026-09-27 11:41:27 INFO GET /api/users 200 102ms
2026-09-27 11:41:35 INFO GET /api/users 200 74ms
2026-09-27 11:43:06 INFO GET /api/users 200 70ms
2026-09-27 11:43:24 INFO GET /api/orders 200 137ms
2026-09-27 11:43:40 INFO GET /api/users 200 69ms
2026-09-27 11:43:41 INFO POST /api/payment 200 296ms
2026-09-27 11:43:54 INFO POST /api/login 200 136ms
2026-09-27 11:44:07 INFO GET /api/users 200 110ms
2026-09-27 11:44:17 INFO POST /api/login 200 89ms
2026-09-27 11:44:22 INFO POST /api/login 200 148ms
2026-09-27 11:44:51 INFO GET /api/orders 200 129ms
2026-09-27 11:44:59 INFO GET /api/orders 200 143ms
2026-09-27 11:45:13 INFO GET /api/orders 200 135ms
2026-09-27 11:50:37 INFO POST /api/login 200 143ms
2026-09-27 11:51:52 INFO GET /api/orders 200 112ms
2026-09-27 11:52:14 INFO GET /api/users 200 72ms
2026-09-27 11:53:22 INFO GET /api/users 200 130ms
2026-09-27 11:53:29 INFO GET /api/orders 200 125ms
2026-09-27 11:54:49 INFO GET /api/users 200 65ms
2026-09-27 11:55:34 INFO GET /api/orders 200 189ms
2026-09-27 11:55:59 INFO POST /api/login 200 89ms
2026-09-27 11:56:14 INFO POST /api/login 200 79ms
2026-09-27 11:57:19 INFO POST /api/login 200 102ms
2026-09-27 11:57:49 INFO POST /api/payment 200 201ms
2026-09-27 11:58:33 INFO GET /api/orders 200 138ms
2026-09-27 11:59:23 INFO GET /api/orders 200 168ms
2026-09-27 11:59:50 INFO POST /api/login 200 72ms
2026-09-27 12:00:10 INFO GET /api/users 200 98ms
2026-09-27 12:00:22 INFO GET /api/users 200 121ms
2026-09-27 12:00:33 INFO POST /api/login 200 81ms
2026-09-27 12:01:14 INFO POST /api/login 200 135ms
2026-09-27 12:01:41 INFO GET /api/orders 200 114ms
2026-09-27 12:02:58 INFO GET /api/orders 200 183ms
2026-09-27 12:03:05 INFO GET /api/users 200 95ms
2026-09-27 12:03:35 INFO POST /api/login 200 79ms
2026-09-27 12:03:36 INFO POST /api/login 200 130ms
2026-09-27 12:04:29 INFO GET /api/users 200 63ms
2026-09-27 12:04:47 INFO POST /api/payment 200 198ms
2026-09-27 12:05:29 INFO POST /api/payment 200 261ms
2026-09-27 12:05:45 INFO POST /api/login 200 142ms
2026-09-27 12:06:21 INFO GET /api/orders 200 122ms
2026-09-27 12:06:55 INFO GET /api/orders 200 170ms
2026-09-27 12:07:44 INFO GET /api/orders 200 99ms
2026-09-27 12:08:27 INFO POST /api/login 200 133ms
2026-09-27 12:09:01 INFO GET /api/users 200 95ms
2026-09-27 12:09:04 INFO GET /api/users 200 86ms
2026-09-27 12:09:30 INFO GET /api/users 200 63ms
2026-09-27 12:09:56 INFO GET /api/users 200 113ms
2026-09-27 12:10:02 INFO GET /api/users 200 82ms
2026-09-27 12:11:37 INFO GET /api/users 200 75ms
2026-09-27 12:11:39 INFO GET /api/orders 200 168ms
2026-09-27 12:12:47 INFO GET /api/reports 200 1044ms
2026-09-27 12:13:24 INFO GET /api/users 200 96ms
2026-09-27 12:13:33 INFO GET /api/orders 200 142ms
2026-09-27 12:14:01 INFO GET /api/users 200 69ms
2026-09-27 12:14:14 INFO GET /api/orders 200 163ms
2026-09-27 12:14:55 INFO POST /api/payment 200 241ms
2026-09-27 12:15:27 INFO GET /api/orders 200 121ms
2026-09-27 12:15:37 INFO GET /api/users 200 111ms
2026-09-27 12:15:43 INFO POST /api/login 200 148ms
2026-09-27 12:16:12 INFO GET /api/users 200 124ms
2026-09-27 12:16:37 INFO POST /api/login 200 139ms
2026-09-27 12:16:39 INFO GET /api/users 200 100ms
2026-09-27 12:16:45 INFO GET /api/orders 200 159ms
2026-09-27 12:18:12 INFO GET /api/orders 200 199ms
2026-09-27 12:18:55 INFO GET /api/orders 200 129ms
2026-09-27 12:19:14 INFO POST /api/payment 200 293ms
2026-09-27 12:19:51 INFO GET /api/orders 200 192ms
2026-09-27 12:20:02 INFO GET /api/users 200 84ms
2026-09-27 12:20:17 INFO POST /api/login 200 75ms
2026-09-27 12:20:29 INFO GET /api/orders 200 114ms
2026-09-27 12:20:31 INFO GET /api/users 200 121ms
2026-09-27 12:20:53 INFO GET /api/orders 200 165ms
2026-09-27 12:21:03 INFO GET /api/orders 200 125ms
2026-09-27 12:21:16 INFO GET /api/users 200 107ms
2026-09-27 12:21:18 INFO GET /api/users 200 72ms
2026-09-27 12:21:40 INFO GET /api/users 200 73ms
2026-09-27 12:21:59 INFO GET /api/orders 200 105ms
2026-09-27 12:22:04 INFO GET /api/users 200 69ms
2026-09-27 12:22:35 INFO GET /api/orders 200 87ms
2026-09-27 12:23:42 INFO POST /api/payment 200 251ms
2026-09-27 12:24:04 INFO GET /api/users 200 114ms
2026-09-27 12:24:04 INFO POST /api/login 200 120ms
2026-09-27 12:24:08 INFO GET /api/users 200 113ms
2026-09-27 12:24:45 INFO GET /api/orders 200 125ms
2026-09-27 12:25:01 INFO POST /api/payment 200 246ms
2026-09-27 12:25:04 INFO GET /api/reports 200 1204ms
2026-09-27 12:26:55 INFO POST /api/payment 200 217ms
2026-09-27 12:26:58 INFO POST /api/login 200 100ms
2026-09-27 12:27:16 INFO POST /api/payment 200 163ms
2026-09-27 12:27:20 INFO POST /api/payment 200 194ms
2026-09-27 12:27:51 INFO GET /api/users 200 123ms
2026-09-27 12:29:03 INFO POST /api/login 200 125ms
2026-09-27 12:29:44 ERROR POST /api/login 500 148ms
2026-09-27 12:30:12 INFO POST /api/login 200 102ms
2026-09-27 12:30:43 INFO POST /api/login 200 123ms
2026-09-27 12:30:48 INFO GET /api/orders 200 175ms
2026-09-27 12:31:14 INFO GET /api/users 200 100ms
2026-09-27 12:31:36 INFO GET /api/users 200 119ms
2026-09-27 12:31:40 INFO GET /api/orders 200 198ms
2026-09-27 12:31:47 INFO GET /api/users 200 125ms
2026-09-27 12:31:54 INFO GET /api/orders 200 141ms
2026-09-27 12:32:42 INFO GET /api/orders 200 123ms
2026-09-27 12:33:16 INFO GET /api/users 200 71ms
2026-09-27 12:33:34 INFO GET /api/users 200 116ms
2026-09-27 12:34:37 INFO POST /api/payment 200 227ms
2026-09-27 12:35:17 INFO POST /api/login 200 144ms
2026-09-27 12:35:29 INFO POST /api/payment 200 308ms
2026-09-27 12:35:51 INFO POST /api/login 200 134ms
2026-09-27 12:35:58 INFO GET /api/users 200 96ms
2026-09-27 12:37:03 INFO GET /api/reports 200 820ms
2026-09-27 12:37:25 INFO GET /api/users 200 129ms
2026-09-27 12:37:25 INFO GET /api/users 200 80ms
2026-09-27 12:37:29 INFO GET /api/users 200 92ms
2026-09-27 12:37:30 INFO GET /api/reports 200 857ms
2026-09-27 12:37:39 INFO GET /api/orders 200 118ms
2026-09-27 12:39:06 INFO POST /api/login 200 96ms
2026-09-27 12:39:54 INFO GET /api/users 200 80ms
2026-09-27 12:41:39 INFO GET /api/orders 200 166ms
2026-09-27 12:42:10 INFO GET /api/orders 200 94ms
2026-09-27 12:42:29 INFO POST /api/payment 200 251ms
2026-09-27 12:42:58 INFO GET /api/orders 200 96ms
2026-09-27 12:43:00 INFO GET /api/users 200 123ms
2026-09-27 12:43:03 INFO GET /api/users 200 75ms
2026-09-27 12:44:43 INFO GET /api/users 200 90ms
2026-09-27 12:44:53 INFO GET /api/orders 200 137ms
2026-09-27 12:45:48 INFO GET /api/reports 200 947ms
2026-09-27 12:46:07 INFO GET /api/users 200 94ms
2026-09-27 12:46:38 INFO POST /api/payment 200 293ms
2026-09-27 12:46:56 INFO GET /api/users 200 118ms
2026-09-27 12:47:04 INFO GET /api/users 200 120ms
2026-09-27 12:47:15 INFO POST /api/login 200 121ms
2026-09-27 12:47:25 INFO POST /api/login 200 94ms
2026-09-27 12:47:46 INFO GET /api/orders 200 165ms
2026-09-27 12:48:55 INFO GET /api/orders 200 80ms
2026-09-27 12:48:59 INFO GET /api/users 200 124ms
2026-09-27 12:49:03 INFO GET /api/orders 200 122ms
2026-09-27 12:49:03 INFO POST /api/login 200 148ms
2026-09-27 12:50:05 INFO POST /api/payment 200 208ms
2026-09-27 12:50:14 INFO GET /api/users 200 103ms
2026-09-27 12:50:57 INFO GET /api/users 200 118ms
2026-09-27 12:51:46 INFO GET /api/orders 200 171ms
2026-09-27 12:52:13 INFO GET /api/users 200 62ms
2026-09-27 12:52:30 INFO GET /api/orders 200 118ms
2026-09-27 12:54:31 INFO GET /api/users 200 119ms
2026-09-27 12:54:47 INFO POST /api/login 200 132ms
2026-09-27 12:55:04 INFO GET /api/users 200 83ms
2026-09-27 12:55:20 INFO POST /api/login 200 85ms
2026-09-27 12:55:26 INFO GET /api/orders 200 178ms
2026-09-27 12:55:54 INFO POST /api/login 200 138ms
2026-09-27 12:56:10 INFO GET /api/orders 200 143ms
2026-09-27 12:57:32 INFO POST /api/payment 200 242ms
2026-09-27 12:58:00 INFO GET /api/users 200 66ms
2026-09-27 12:58:01 INFO GET /api/orders 200 117ms
2026-09-27 12:58:05 INFO POST /api/login 200 85ms
2026-09-27 12:58:31 INFO GET /api/users 200 89ms
2026-09-27 12:59:08 INFO GET /api/users 200 78ms
2026-09-27 12:59:41 INFO GET /api/orders 200 190ms
2026-09-27 12:59:46 INFO GET /api/users 200 100ms
2026-09-27 13:00:14 INFO GET /api/orders 200 172ms
2026-09-27 13:00:30 INFO POST /api/login 200 109ms
2026-09-27 13:00:55 INFO GET /api/orders 200 98ms
2026-09-27 13:01:07 INFO GET /api/users 200 70ms
2026-09-27 13:01:08 INFO GET /api/users 200 101ms
2026-09-27 13:01:23 INFO POST /api/login 200 147ms
2026-09-27 13:01:47 INFO GET /api/users 200 84ms
2026-09-27 13:02:15 INFO GET /api/orders 200 155ms
2026-09-27 13:02:37 INFO GET /api/users 200 105ms
2026-09-27 13:02:42 INFO GET /api/users 200 79ms
2026-09-27 13:03:14 INFO GET /api/users 200 123ms
2026-09-27 13:03:22 INFO POST /api/login 200 78ms
2026-09-27 13:03:26 INFO POST /api/login 200 132ms
2026-09-27 13:03:54 INFO GET /api/users 200 68ms
2026-09-27 13:04:00 INFO GET /api/users 200 98ms
2026-09-27 13:04:50 INFO GET /api/users 200 73ms
2026-09-27 13:06:38 INFO GET /api/users 200 66ms
2026-09-27 13:06:58 INFO POST /api/payment 200 307ms
2026-09-27 13:07:10 INFO GET /api/users 200 72ms
2026-09-27 13:07:27 INFO POST /api/login 200 95ms
2026-09-27 13:07:33 INFO POST /api/login 200 102ms
2026-09-27 13:07:47 INFO POST /api/payment 200 246ms
2026-09-27 13:08:50 INFO GET /api/orders 200 105ms
2026-09-27 13:10:39 INFO POST /api/login 200 74ms
2026-09-27 13:10:44 INFO GET /api/users 200 106ms
2026-09-27 13:11:04 INFO GET /api/orders 200 139ms
2026-09-27 13:11:16 INFO GET /api/orders 200 104ms
2026-09-27 13:11:52 INFO GET /api/users 200 83ms
2026-09-27 13:12:04 INFO GET /api/orders 200 94ms
2026-09-27 13:12:31 INFO POST /api/login 200 75ms
2026-09-27 13:13:38 INFO GET /api/orders 200 89ms
2026-09-27 13:14:18 INFO POST /api/login 200 93ms
2026-09-27 13:14:35 INFO GET /api/users 200 62ms
2026-09-27 13:15:43 INFO GET /api/orders 200 143ms
2026-09-27 13:15:56 INFO POST /api/login 200 118ms
2026-09-27 13:16:11 INFO GET /api/orders 200 168ms
2026-09-27 13:17:13 INFO GET /api/reports 200 930ms
2026-09-27 13:17:14 INFO POST /api/payment 200 263ms
2026-09-27 13:18:19 INFO GET /api/orders 200 130ms
2026-09-27 13:18:19 INFO POST /api/payment 200 214ms
2026-09-27 13:18:22 INFO GET /api/users 200 115ms
2026-09-27 13:18:42 INFO POST /api/payment 200 173ms
2026-09-27 13:18:55 INFO GET /api/users 200 102ms
2026-09-27 13:18:57 INFO GET /api/users 200 113ms
2026-09-27 13:18:59 INFO POST /api/login 200 85ms
2026-09-27 13:19:02 INFO GET /api/orders 200 190ms
2026-09-27 13:19:16 INFO GET /api/users 200 61ms
2026-09-27 13:19:21 INFO GET /api/orders 200 102ms
2026-09-27 13:19:26 INFO GET /api/users 200 82ms
2026-09-27 13:19:40 INFO GET /api/users 200 91ms
2026-09-27 13:20:03 INFO GET /api/users 200 119ms
2026-09-27 13:20:51 INFO GET /api/orders 200 113ms
2026-09-27 13:21:24 INFO POST /api/login 200 88ms
2026-09-27 13:21:33 INFO GET /api/users 200 123ms
2026-09-27 13:21:34 INFO GET /api/orders 200 134ms
2026-09-27 13:22:02 INFO GET /api/orders 200 172ms
2026-09-27 13:22:04 INFO GET /api/orders 200 148ms
2026-09-27 13:22:14 INFO GET /api/users 200 130ms
2026-09-27 13:23:00 INFO GET /api/users 200 91ms
2026-09-27 13:23:25 INFO GET /api/users 200 111ms
2026-09-27 13:23:32 INFO GET /api/users 200 93ms
2026-09-27 13:23:37 INFO POST /api/payment 200 294ms
2026-09-27 13:23:47 INFO GET /api/orders 200 200ms
2026-09-27 13:24:12 INFO GET /api/reports 200 874ms
2026-09-27 13:24:36 INFO POST /api/login 200 135ms
2026-09-27 13:24:45 INFO GET /api/users 200 95ms
2026-09-27 13:25:32 INFO GET /api/orders 200 150ms
2026-09-27 13:28:41 INFO GET /api/orders 200 149ms
2026-09-27 13:29:14 INFO POST /api/login 200 125ms
2026-09-27 13:31:03 INFO GET /api/users 200 63ms
2026-09-27 13:31:38 INFO GET /api/users 200 128ms
2026-09-27 13:32:00 INFO POST /api/login 200 133ms
2026-09-27 13:32:01 INFO GET /api/users 200 95ms
2026-09-27 13:32:12 INFO GET /api/users 200 99ms
2026-09-27 13:32:15 INFO GET /api/users 200 112ms
2026-09-27 13:33:10 INFO POST /api/login 200 79ms
2026-09-27 13:33:12 INFO GET /api/orders 200 127ms
2026-09-27 13:33:35 INFO GET /api/users 200 116ms
2026-09-27 13:33:36 INFO GET /api/users 200 128ms
2026-09-27 13:34:37 INFO GET /api/orders 200 87ms
2026-09-27 13:34:50 INFO POST /api/login 200 118ms
2026-09-27 13:35:33 INFO GET /api/orders 200 92ms
2026-09-27 13:35:57 INFO GET /api/orders 200 135ms
2026-09-27 13:36:05 INFO GET /api/reports 200 734ms
2026-09-27 13:36:09 INFO POST /api/payment 200 206ms
2026-09-27 13:36:57 INFO POST /api/payment 200 287ms
2026-09-27 13:36:58 INFO GET /api/orders 200 160ms
2026-09-27 13:37:34 INFO GET /api/users 200 125ms
2026-09-27 13:37:41 INFO GET /api/orders 200 197ms
2026-09-27 13:37:54 INFO POST /api/payment 200 240ms
2026-09-27 13:38:45 INFO GET /api/users 200 104ms
2026-09-27 13:38:58 INFO POST /api/login 200 74ms
2026-09-27 13:39:00 INFO GET /api/orders 200 199ms
2026-09-27 13:39:01 INFO POST /api/payment 200 189ms
2026-09-27 13:39:20 INFO GET /api/users 200 79ms
2026-09-27 13:41:03 INFO GET /api/reports 200 1044ms
2026-09-27 13:41:11 INFO GET /api/orders 200 133ms
2026-09-27 13:41:11 INFO POST /api/payment 200 300ms
2026-09-27 13:41:36 INFO POST /api/login 200 150ms
2026-09-27 13:41:58 INFO POST /api/login 200 147ms
2026-09-27 13:42:41 INFO POST /api/login 200 150ms
2026-09-27 13:43:34 INFO GET /api/users 200 63ms
2026-09-27 13:43:35 INFO GET /api/users 200 112ms
2026-09-27 13:43:48 INFO GET /api/users 200 81ms
2026-09-27 13:44:20 INFO GET /api/users 200 63ms
2026-09-27 13:45:02 INFO POST /api/login 200 87ms
2026-09-27 13:45:23 INFO GET /api/users 200 101ms
2026-09-27 13:45:40 INFO GET /api/orders 200 176ms
2026-09-27 13:46:14 INFO GET /api/orders 200 177ms
2026-09-27 13:47:10 INFO GET /api/orders 200 193ms
2026-09-27 13:47:10 INFO POST /api/login 200 116ms
2026-09-27 13:47:11 INFO GET /api/orders 200 120ms
2026-09-27 13:50:02 INFO GET /api/orders 200 159ms
2026-09-27 13:50:06 INFO POST /api/payment 200 319ms
2026-09-27 13:51:45 INFO POST /api/payment 200 235ms
2026-09-27 13:51:50 INFO GET /api/users 200 96ms
2026-09-27 13:51:57 INFO GET /api/users 200 88ms
2026-09-27 13:52:42 INFO GET /api/orders 200 112ms
2026-09-27 13:53:35 INFO GET /api/orders 200 167ms
2026-09-27 13:54:21 INFO POST /api/payment 200 204ms
2026-09-27 13:54:55 INFO GET /api/reports 200 630ms
2026-09-27 13:55:02 INFO POST /api/login 200 86ms
2026-09-27 13:55:36 INFO GET /api/orders 200 118ms
2026-09-27 13:56:20 INFO GET /api/users 200 88ms
2026-09-27 13:56:48 INFO GET /api/users 200 116ms
2026-09-27 13:56:57 INFO GET /api/users 200 87ms
2026-09-27 13:58:12 INFO GET /api/orders 200 166ms
2026-09-27 13:58:21 INFO GET /api/users 200 116ms
2026-09-27 13:58:44 INFO GET /api/users 200 82ms
2026-09-27 13:59:00 INFO POST /api/payment 200 248ms
2026-09-27 13:59:40 INFO GET /api/users 200 123ms
2026-09-27 13:59:45 INFO POST /api/login 200 110ms
